mod=16-QAM  scenarios=['linear']  snr=[12.0]  n_train=4000 n_test=20000 n_chan=2  channel=iid root=extended_results/qam16_moredata

==== scenario linear mode=none beta=0.0 (16-QAM) ====
  [linear] H1 channel=iid ||H||_F=72.015
  [linear/H1/2 SNR=  12] 开始六方法…
  [linear/H1/2 SNR=  12] MLD            完成  BER=0.000e+00     0.0s
  [linear/H1/2 SNR=  12] MMSE+LS        完成  BER=1.237e-02     0.2s  MC×3
  [linear/H1/2 SNR=  12] RKHS 盲         完成  BER=n/a     0.0s  跳过
  [linear/H1/2 SNR=  12] RKHS(z_rob)    完成  BER=6.125e-03   128.8s  n_center=1800 α=approx_hard_proj[mkl:0.00+bag1:0.00+bag2:0.00+nn:0.49+diag:0.50]_struct_hat_robust+stack2 trSER=0.018
  [linear/H1/2 SNR=  12] CNN            完成  BER=n/a     0.0s  跳过
  [linear/H1/2 SNR=  12] Oracle        struct(H)+f* 拟合…
  [linear/H1/2 SNR=  12] RKHS Oracle    完成  BER=0.000e+00    22.8s  n_center=1800 approx_fstar_struct γ=9.21e-03 MSE_te=1.62e-30
  [linear] H1 SNR=12 MLD=0.000e+00 Oracle=0.000e+00 RKHS=6.125e-03 MMSE=1.237e-02 gain=+50.5% dt=174.6s
  [linear] H2 channel=iid ||H||_F=71.715
  [linear/H2/2 SNR=  12] 开始六方法…
  [linear/H2/2 SNR=  12] MLD            完成  BER=0.000e+00     0.0s
  [linear/H2/2 SNR=  12] MMSE+LS        完成  BER=6.971e-03     0.2s  MC×3
  [linear/H2/2 SNR=  12] RKHS 盲         完成  BER=n/a     0.0s  跳过
  [linear/H2/2 SNR=  12] RKHS(z_rob)    完成  BER=3.175e-03   136.7s  n_center=1800 α=approx_hard_mkl+diag_struct_hat_robust+stack2 trSER=0.003
  [linear/H2/2 SNR=  12] CNN            完成  BER=n/a     0.0s  跳过
  [linear/H2/2 SNR=  12] Oracle        struct(H)+f* 拟合…
  [linear/H2/2 SNR=  12] RKHS Oracle    完成  BER=0.000e+00    20.0s  n_center=1800 approx_fstar_struct γ=9.10e-03 MSE_te=1.80e-31
  [linear] H2 SNR=12 MLD=0.000e+00 Oracle=0.000e+00 RKHS=3.175e-03 MMSE=6.971e-03 gain=+54.5% dt=181.1s
[linear] monotone~True beat_MMSE=True gain%=[51.90691661]
[gallery] saved extended_results/qam16_moredata/gallery_all_scenarios.png
[mod-compare] saved extended_results/compare_16_vs_64.png
