mod=16-QAM  scenarios=['linear']  snr=[12.0, 14.0]  n_train=3000 n_test=20000 n_chan=2  channel=iid root=extended_results/qam16_centers

==== scenario linear mode=none beta=0.0 (16-QAM) ====
  [linear] H1 channel=iid ||H||_F=72.015
  [linear/H1/2 SNR=  12] 开始六方法…
  [linear/H1/2 SNR=  12] MLD            完成  BER=0.000e+00     0.0s
  [linear/H1/2 SNR=  12] MMSE+LS        完成  BER=6.308e-03     0.2s  MC×3
  [linear/H1/2 SNR=  12] RKHS 盲         完成  BER=n/a     0.0s  跳过
  [linear/H1/2 SNR=  12] RKHS(z_rob)    完成  BER=5.788e-03   914.4s  n_center=2500 α=approx_hard_proj[mkl:0.00+bag1:0.00+bag2:0.00+nn:0.97+diag:0.03]_struct_hat_robust+stack2 trSER=0.014
  [linear/H1/2 SNR=  12] CNN            完成  BER=n/a     0.0s  跳过
  [linear/H1/2 SNR=  12] Oracle        struct(H)+f* 拟合…
  [linear/H1/2 SNR=  12] RKHS Oracle    完成  BER=0.000e+00    29.3s  n_center=2500 approx_fstar_struct γ=9.08e-03 MSE_te=1.34e-30
  [linear] SNR=12 retry lam=0.005 (BER_rkhs=5.788e-03, MMSE=6.308e-03)
  [linear/H1/2-retry SNR=  12] 开始六方法…
  [linear/H1/2-retry SNR=  12] MLD            完成  BER=0.000e+00     0.0s
  [linear/H1/2-retry SNR=  12] MMSE+LS        完成  BER=6.063e-03     0.3s  MC×5
  [linear/H1/2-retry SNR=  12] RKHS 盲         完成  BER=n/a     0.0s  跳过
  [linear/H1/2-retry SNR=  12] RKHS(z_rob)    完成  BER=5.625e-03   145.7s  n_center=2500 α=approx_hard_mkl+nn_struct_hat_robust trSER=0.014
  [linear/H1/2-retry SNR=  12] CNN            完成  BER=n/a     0.0s  跳过
  [linear/H1/2-retry SNR=  12] Oracle        struct(H)+f* 拟合…
  [linear/H1/2-retry SNR=  12] RKHS Oracle    完成  BER=0.000e+00    28.7s  n_center=2500 approx_fstar_struct γ=8.83e-03 MSE_te=1.35e-32
  [linear] H1 SNR=12 MLD=0.000e+00 Oracle=0.000e+00 RKHS=5.625e-03 MMSE=6.063e-03 gain=+7.2% dt=1783.8s
  [linear/H1/2 SNR=  14] 开始六方法…
  [linear/H1/2 SNR=  14] MLD            完成  BER=0.000e+00     0.0s
  [linear/H1/2 SNR=  14] MMSE+LS        完成  BER=1.942e-03     0.2s  MC×3
  [linear/H1/2 SNR=  14] RKHS 盲         完成  BER=n/a     0.0s  跳过
  [linear/H1/2 SNR=  14] RKHS(z_rob)    完成  BER=1.425e-03   165.2s  n_center=2500 α=approx_hard_proj[mkl:0.00+bag1:0.00+bag2:0.00+nn:1.00+diag:0.00]_struct_hat+stack2 trSER=0.000
  [linear/H1/2 SNR=  14] CNN            完成  BER=n/a     0.0s  跳过
  [linear/H1/2 SNR=  14] Oracle        struct(H)+f* 拟合…
  [linear/H1/2 SNR=  14] RKHS Oracle    完成  BER=0.000e+00    28.4s  n_center=2500 approx_fstar_struct γ=9.10e-03 MSE_te=5.25e-27
  [linear] SNR=14 retry lam=0.005 (BER_rkhs=1.425e-03, MMSE=1.942e-03)
  [linear/H1/2-retry SNR=  14] 开始六方法…
  [linear/H1/2-retry SNR=  14] MLD            完成  BER=0.000e+00     0.0s
  [linear/H1/2-retry SNR=  14] MMSE+LS        完成  BER=1.230e-03     0.3s  MC×5
  [linear/H1/2-retry SNR=  14] RKHS 盲         完成  BER=n/a     0.0s  跳过
  [linear/H1/2-retry SNR=  14] RKHS(z_rob)    完成  BER=1.087e-03   165.3s  n_center=2500 α=approx_hard_mkl+nn_struct_hat+stack2 trSER=0.000
  [linear/H1/2-retry SNR=  14] CNN            完成  BER=n/a     0.0s  跳过
  [linear/H1/2-retry SNR=  14] Oracle        struct(H)+f* 拟合…
  [linear/H1/2-retry SNR=  14] RKHS Oracle    完成  BER=0.000e+00    29.3s  n_center=2500 approx_fstar_struct γ=9.10e-03 MSE_te=1.89e-29
  [linear] H1 SNR=14 MLD=0.000e+00 Oracle=0.000e+00 RKHS=1.087e-03 MMSE=1.230e-03 gain=+11.6% dt=431.4s
  [linear] H2 channel=iid ||H||_F=71.715
  [linear/H2/2 SNR=  12] 开始六方法…
  [linear/H2/2 SNR=  12] MLD            完成  BER=0.000e+00     0.0s
  [linear/H2/2 SNR=  12] MMSE+LS        完成  BER=7.825e-03     0.2s  MC×3
  [linear/H2/2 SNR=  12] RKHS 盲         完成  BER=n/a     0.0s  跳过
  [linear/H2/2 SNR=  12] RKHS(z_rob)    完成  BER=2.563e-03   825.4s  n_center=2500 α=approx_hard_mkl+diag_struct_hat_robust+stack2 trSER=0.004
  [linear/H2/2 SNR=  12] CNN            完成  BER=n/a     0.0s  跳过
  [linear/H2/2 SNR=  12] Oracle        struct(H)+f* 拟合…
  [linear/H2/2 SNR=  12] RKHS Oracle    完成  BER=0.000e+00    29.2s  n_center=2500 approx_fstar_struct γ=9.15e-03 MSE_te=3.30e-32
  [linear] SNR=12 retry lam=0.005 (BER_rkhs=2.563e-03, MMSE=7.825e-03)
  [linear/H2/2-retry SNR=  12] 开始六方法…
  [linear/H2/2-retry SNR=  12] MLD            完成  BER=0.000e+00     0.0s
  [linear/H2/2-retry SNR=  12] MMSE+LS        完成  BER=5.980e-03     0.3s  MC×5
  [linear/H2/2-retry SNR=  12] RKHS 盲         完成  BER=n/a     0.0s  跳过
  [linear/H2/2-retry SNR=  12] RKHS(z_rob)    完成  BER=2.625e-03   846.4s  n_center=2500 α=approx_hard_mkl+nn_struct_hat_robust+stack2 trSER=0.006
  [linear/H2/2-retry SNR=  12] CNN            完成  BER=n/a     0.0s  跳过
  [linear/H2/2-retry SNR=  12] Oracle        struct(H)+f* 拟合…
  [linear/H2/2-retry SNR=  12] RKHS Oracle    完成  BER=0.000e+00    29.0s  n_center=2500 approx_fstar_struct γ=9.09e-03 MSE_te=5.05e-33
  [linear] H2 SNR=12 MLD=0.000e+00 Oracle=0.000e+00 RKHS=2.563e-03 MMSE=7.825e-03 gain=+67.3% dt=2946.4s
  [linear/H2/2 SNR=  14] 开始六方法…
  [linear/H2/2 SNR=  14] MLD            完成  BER=0.000e+00     0.0s
  [linear/H2/2 SNR=  14] MMSE+LS        完成  BER=8.500e-04     0.2s  MC×3
  [linear/H2/2 SNR=  14] RKHS 盲         完成  BER=n/a     0.0s  跳过
  [linear/H2/2 SNR=  14] RKHS(z_rob)    完成  BER=4.125e-04   163.2s  n_center=2500 α=approx_hard_mkl+nn_struct_hat+stack2 trSER=0.000
  [linear/H2/2 SNR=  14] CNN            完成  BER=n/a     0.0s  跳过
  [linear/H2/2 SNR=  14] Oracle        struct(H)+f* 拟合…
  [linear/H2/2 SNR=  14] RKHS Oracle    完成  BER=0.000e+00    29.3s  n_center=2500 approx_fstar_struct γ=9.32e-03 MSE_te=5.53e-24
  [linear] SNR=14 retry lam=0.005 (BER_rkhs=4.125e-04, MMSE=8.500e-04)
  [linear/H2/2-retry SNR=  14] 开始六方法…
  [linear/H2/2-retry SNR=  14] MLD            完成  BER=0.000e+00     0.0s
  [linear/H2/2-retry SNR=  14] MMSE+LS        完成  BER=5.175e-04     0.3s  MC×5
  [linear/H2/2-retry SNR=  14] RKHS 盲         完成  BER=n/a     0.0s  跳过
  [linear/H2/2-retry SNR=  14] RKHS(z_rob)    完成  BER=4.125e-04   165.1s  n_center=2500 α=approx_hard_proj[mkl:0.00+bag1:0.00+bag2:0.00+nn:1.00+diag:0.00]_struct_hat+stack2 trSER=0.000
  [linear/H2/2-retry SNR=  14] CNN            完成  BER=n/a     0.0s  跳过
  [linear/H2/2-retry SNR=  14] Oracle        struct(H)+f* 拟合…
  [linear/H2/2-retry SNR=  14] RKHS Oracle    完成  BER=0.000e+00    29.3s  n_center=2500 approx_fstar_struct γ=9.17e-03 MSE_te=7.31e-28
  [linear] H2 SNR=14 MLD=0.000e+00 Oracle=0.000e+00 RKHS=4.125e-04 MMSE=8.500e-04 gain=+51.5% dt=430.0s
[linear] monotone~True beat_MMSE=True gain%=[41.04410441 27.88461538]
[gallery] saved extended_results/qam16_centers/gallery_all_scenarios.png
[mod-compare] saved extended_results/compare_16_vs_64.png
