mod=16-QAM  scenarios=['linear']  snr=[12.0]  n_train=2500 n_test=20000 n_chan=2  channel=iid root=extended_results/qam16_mkl

==== scenario linear mode=none beta=0.0 (16-QAM) ====
  [linear] H1 channel=iid ||H||_F=72.015
  [linear/H1/2 SNR=  12] 开始六方法…
  [linear/H1/2 SNR=  12] MLD            完成  BER=0.000e+00     0.0s
  [linear/H1/2 SNR=  12] MMSE+LS        完成  BER=6.158e-03     0.3s  MC×3
  [linear/H1/2 SNR=  12] RKHS 盲         完成  BER=n/a     0.0s  跳过
  [linear/H1/2 SNR=  12] RKHS(z_rob)    完成  BER=6.125e-03   119.6s  n_center=1800 α=approx_hard_mkl+diag_struct_hat_robust+stack2 trSER=0.016
  [linear/H1/2 SNR=  12] CNN            完成  BER=n/a     0.0s  跳过
  [linear/H1/2 SNR=  12] Oracle        struct(H)+f* 拟合…
  [linear/H1/2 SNR=  12] RKHS Oracle    完成  BER=0.000e+00    21.7s  n_center=1800 approx_fstar_struct γ=9.10e-03 MSE_te=2.43e-30
  [linear] H1 SNR=12 MLD=0.000e+00 Oracle=0.000e+00 RKHS=6.125e-03 MMSE=6.158e-03 gain=+0.5% dt=156.7s
  [linear] H2 channel=iid ||H||_F=71.715
  [linear/H2/2 SNR=  12] 开始六方法…
  [linear/H2/2 SNR=  12] MLD            完成  BER=0.000e+00     0.0s
  [linear/H2/2 SNR=  12] MMSE+LS        完成  BER=8.950e-03     0.2s  MC×3
  [linear/H2/2 SNR=  12] RKHS 盲         完成  BER=n/a     0.0s  跳过
  [linear/H2/2 SNR=  12] RKHS(z_rob)    完成  BER=2.775e-03   111.4s  n_center=1800 α=approx_hard_proj[mkl:0.01+bag1:0.00+bag2:0.12+nn:0.43+diag:0.43]_struct_hat_robust+stack2 trSER=0.002
  [linear/H2/2 SNR=  12] CNN            完成  BER=n/a     0.0s  跳过
  [linear/H2/2 SNR=  12] Oracle        struct(H)+f* 拟合…
  [linear/H2/2 SNR=  12] RKHS Oracle    完成  BER=0.000e+00    21.5s  n_center=1800 approx_fstar_struct γ=9.11e-03 MSE_te=3.50e-32
  [linear] H2 SNR=12 MLD=0.000e+00 Oracle=0.000e+00 RKHS=2.775e-03 MMSE=8.950e-03 gain=+69.0% dt=148.1s
[linear] monotone~True beat_MMSE=True gain%=[41.09211252]
[gallery] saved extended_results/qam16_mkl/gallery_all_scenarios.png
[mod-compare] saved extended_results/compare_16_vs_64.png
