
==== scenario opt_softclip mode=soft_clip beta=0.35 ====
  [opt_softclip/H1/2 SNR=   0] 开始六方法…
  [opt_softclip/H1/2 SNR=   0] MLD            完成  BER=2.659e-01     0.0s
  [opt_softclip/H1/2 SNR=   0] MMSE+LS        完成  BER=3.471e-01     0.0s  MC×3
  [opt_softclip/H1/2 SNR=   0] RKHS 盲         完成  BER=n/a     0.0s  跳过
  [opt_softclip/H1/2 SNR=   0] RKHS(z_rob)    完成  BER=2.984e-01   103.1s  n_center=1500 α=approx_hard_mkl+bag1_struct_hat_robust trSER=0.683
  [opt_softclip/H1/2 SNR=   0] CNN            完成  BER=n/a     0.0s  跳过
  [opt_softclip/H1/2 SNR=   0] Oracle        struct(H)+f* 拟合…
  [opt_softclip/H1/2 SNR=   0] RKHS Oracle    完成  BER=2.659e-01     3.2s  n_center=1500 approx_fstar_struct γ=3.98e-02 MSE_te=3.45e-07
  [opt_softclip] H1 SNR=0 MLD=2.659e-01 Oracle=2.659e-01 RKHS=2.984e-01 MMSE=3.471e-01 gain=+14.0% dt=107.6s
  [opt_softclip/H1/2 SNR=   4] 开始六方法…
  [opt_softclip/H1/2 SNR=   4] MLD            完成  BER=2.626e-01     0.0s
  [opt_softclip/H1/2 SNR=   4] MMSE+LS        完成  BER=3.118e-01     0.0s  MC×3
  [opt_softclip/H1/2 SNR=   4] RKHS 盲         完成  BER=n/a     0.0s  跳过
  [opt_softclip/H1/2 SNR=   4] RKHS(z_rob)    完成  BER=2.024e-01    88.7s  n_center=1500 α=approx_hard_proj[mkl:0.28+bag1:0.27+nn:0.20+diag:0.24]_struct_hat_robust trSER=0.575
  [opt_softclip/H1/2 SNR=   4] CNN            完成  BER=n/a     0.0s  跳过
  [opt_softclip/H1/2 SNR=   4] Oracle        struct(H)+f* 拟合…
  [opt_softclip/H1/2 SNR=   4] RKHS Oracle    完成  BER=2.627e-01     3.1s  n_center=1500 approx_fstar_struct γ=2.48e-02 MSE_te=3.64e-07
  [opt_softclip] H1 SNR=4 MLD=2.626e-01 Oracle=2.627e-01 RKHS=2.024e-01 MMSE=3.118e-01 gain=+35.1% dt=93.0s
  [opt_softclip/H1/2 SNR=   8] 开始六方法…
  [opt_softclip/H1/2 SNR=   8] MLD            完成  BER=2.615e-01     0.0s
  [opt_softclip/H1/2 SNR=   8] MMSE+LS        完成  BER=2.936e-01     0.0s  MC×3
  [opt_softclip/H1/2 SNR=   8] RKHS 盲         完成  BER=n/a     0.0s  跳过
  [opt_softclip/H1/2 SNR=   8] RKHS(z_rob)    完成  BER=1.291e-01   106.0s  n_center=1500 α=approx_hard_proj[mkl:0.00+bag1:0.10+nn:0.46+diag:0.44]_struct_hat_robust trSER=0.422
  [opt_softclip/H1/2 SNR=   8] CNN            完成  BER=n/a     0.0s  跳过
  [opt_softclip/H1/2 SNR=   8] Oracle        struct(H)+f* 拟合…
  [opt_softclip/H1/2 SNR=   8] RKHS Oracle    完成  BER=2.615e-01     2.2s  n_center=1500 approx_fstar_struct γ=1.57e-02 MSE_te=2.40e-07
  [opt_softclip] H1 SNR=8 MLD=2.615e-01 Oracle=2.615e-01 RKHS=1.291e-01 MMSE=2.936e-01 gain=+56.0% dt=109.4s
  [opt_softclip/H1/2 SNR=  12] 开始六方法…
  [opt_softclip/H1/2 SNR=  12] MLD            完成  BER=2.600e-01     0.0s
  [opt_softclip/H1/2 SNR=  12] MMSE+LS        完成  BER=2.766e-01     0.0s  MC×3
  [opt_softclip/H1/2 SNR=  12] RKHS 盲         完成  BER=n/a     0.0s  跳过
  [opt_softclip/H1/2 SNR=  12] RKHS(z_rob)    完成  BER=9.100e-02    46.2s  n_center=1500 α=approx_hard_mkl+nn_struct_hat_robust trSER=0.320
  [opt_softclip/H1/2 SNR=  12] CNN            完成  BER=n/a     0.0s  跳过
  [opt_softclip/H1/2 SNR=  12] Oracle        struct(H)+f* 拟合…
  [opt_softclip/H1/2 SNR=  12] RKHS Oracle    完成  BER=2.600e-01     2.2s  n_center=1500 approx_fstar_struct γ=9.91e-03 MSE_te=1.43e-07
  [opt_softclip] H1 SNR=12 MLD=2.600e-01 Oracle=2.600e-01 RKHS=9.100e-02 MMSE=2.766e-01 gain=+67.1% dt=49.1s
  [opt_softclip/H1/2 SNR=  16] 开始六方法…
  [opt_softclip/H1/2 SNR=  16] MLD            完成  BER=2.600e-01     0.0s
  [opt_softclip/H1/2 SNR=  16] MMSE+LS        完成  BER=2.734e-01     0.0s  MC×3
  [opt_softclip/H1/2 SNR=  16] RKHS 盲         完成  BER=n/a     0.0s  跳过
  [opt_softclip/H1/2 SNR=  16] RKHS(z_rob)    完成  BER=7.637e-02    56.7s  n_center=1500 α=approx_hard_proj[mkl:0.00+bag1:0.43+nn:0.57+diag:0.00]_struct_hat trSER=0.262
  [opt_softclip/H1/2 SNR=  16] CNN            完成  BER=n/a     0.0s  跳过
  [opt_softclip/H1/2 SNR=  16] Oracle        struct(H)+f* 拟合…
  [opt_softclip/H1/2 SNR=  16] RKHS Oracle    完成  BER=2.600e-01     2.1s  n_center=1500 approx_fstar_struct γ=9.88e-03 MSE_te=6.07e-06
  [opt_softclip] H1 SNR=16 MLD=2.600e-01 Oracle=2.600e-01 RKHS=7.637e-02 MMSE=2.734e-01 gain=+72.1% dt=59.5s
  [opt_softclip/H2/2 SNR=   0] 开始六方法…
  [opt_softclip/H2/2 SNR=   0] MLD            完成  BER=2.670e-01     0.0s
  [opt_softclip/H2/2 SNR=   0] MMSE+LS        完成  BER=3.297e-01     0.0s  MC×3
  [opt_softclip/H2/2 SNR=   0] RKHS 盲         完成  BER=n/a     0.0s  跳过
  [opt_softclip/H2/2 SNR=   0] RKHS(z_rob)    完成  BER=2.529e-01    92.8s  n_center=1500 α=approx_hard_mkl+diag_struct_hat_robust trSER=0.651
  [opt_softclip/H2/2 SNR=   0] CNN            完成  BER=n/a     0.0s  跳过
  [opt_softclip/H2/2 SNR=   0] Oracle        struct(H)+f* 拟合…
  [opt_softclip/H2/2 SNR=   0] RKHS Oracle    完成  BER=2.670e-01     2.9s  n_center=1500 approx_fstar_struct γ=3.87e-02 MSE_te=3.87e-07
  [opt_softclip] H2 SNR=0 MLD=2.670e-01 Oracle=2.670e-01 RKHS=2.529e-01 MMSE=3.297e-01 gain=+23.3% dt=96.9s
  [opt_softclip/H2/2 SNR=   4] 开始六方法…
  [opt_softclip/H2/2 SNR=   4] MLD            完成  BER=2.659e-01     0.0s
  [opt_softclip/H2/2 SNR=   4] MMSE+LS        完成  BER=3.057e-01     0.0s  MC×3
  [opt_softclip/H2/2 SNR=   4] RKHS 盲         完成  BER=n/a     0.0s  跳过
  [opt_softclip/H2/2 SNR=   4] RKHS(z_rob)    完成  BER=1.725e-01   103.5s  n_center=1500 α=approx_hard_mkl+mkl_struct_hat_robust trSER=0.499
  [opt_softclip/H2/2 SNR=   4] CNN            完成  BER=n/a     0.0s  跳过
  [opt_softclip/H2/2 SNR=   4] Oracle        struct(H)+f* 拟合…
  [opt_softclip/H2/2 SNR=   4] RKHS Oracle    完成  BER=2.660e-01     2.9s  n_center=1500 approx_fstar_struct γ=2.46e-02 MSE_te=3.65e-07
  [opt_softclip] H2 SNR=4 MLD=2.659e-01 Oracle=2.660e-01 RKHS=1.725e-01 MMSE=3.057e-01 gain=+43.6% dt=107.5s
  [opt_softclip/H2/2 SNR=   8] 开始六方法…
  [opt_softclip/H2/2 SNR=   8] MLD            完成  BER=2.635e-01     0.0s
  [opt_softclip/H2/2 SNR=   8] MMSE+LS        完成  BER=2.885e-01     0.0s  MC×3
  [opt_softclip/H2/2 SNR=   8] RKHS 盲         完成  BER=n/a     0.0s  跳过
  [opt_softclip/H2/2 SNR=   8] RKHS(z_rob)    完成  BER=1.121e-01    87.9s  n_center=1500 α=approx_hard_proj[mkl:0.00+bag1:0.33+nn:0.34+diag:0.33]_struct_hat_robust+stack2 trSER=0.347
  [opt_softclip/H2/2 SNR=   8] CNN            完成  BER=n/a     0.0s  跳过
  [opt_softclip/H2/2 SNR=   8] Oracle        struct(H)+f* 拟合…
  [opt_softclip/H2/2 SNR=   8] RKHS Oracle    完成  BER=2.637e-01     2.3s  n_center=1500 approx_fstar_struct γ=1.55e-02 MSE_te=2.98e-07
  [opt_softclip] H2 SNR=8 MLD=2.635e-01 Oracle=2.637e-01 RKHS=1.121e-01 MMSE=2.885e-01 gain=+61.1% dt=92.4s
  [opt_softclip/H2/2 SNR=  12] 开始六方法…
  [opt_softclip/H2/2 SNR=  12] MLD            完成  BER=2.645e-01     0.0s
  [opt_softclip/H2/2 SNR=  12] MMSE+LS        完成  BER=2.735e-01     0.0s  MC×3
  [opt_softclip/H2/2 SNR=  12] RKHS 盲         完成  BER=n/a     0.0s  跳过
  [opt_softclip/H2/2 SNR=  12] RKHS(z_rob)    完成  BER=7.262e-02    58.9s  n_center=1500 α=approx_hard_proj[mkl:0.00+bag1:0.27+nn:0.37+diag:0.37]_struct_hat_robust trSER=0.255
  [opt_softclip/H2/2 SNR=  12] CNN            完成  BER=n/a     0.0s  跳过
  [opt_softclip/H2/2 SNR=  12] Oracle        struct(H)+f* 拟合…
  [opt_softclip/H2/2 SNR=  12] RKHS Oracle    完成  BER=2.645e-01     2.4s  n_center=1500 approx_fstar_struct γ=9.75e-03 MSE_te=2.09e-07
  [opt_softclip] H2 SNR=12 MLD=2.645e-01 Oracle=2.645e-01 RKHS=7.262e-02 MMSE=2.735e-01 gain=+73.4% dt=62.1s
  [opt_softclip/H2/2 SNR=  16] 开始六方法…
  [opt_softclip/H2/2 SNR=  16] MLD            完成  BER=2.644e-01     0.0s
  [opt_softclip/H2/2 SNR=  16] MMSE+LS        完成  BER=2.691e-01     0.0s  MC×3
  [opt_softclip/H2/2 SNR=  16] RKHS 盲         完成  BER=n/a     0.0s  跳过
  [opt_softclip/H2/2 SNR=  16] RKHS(z_rob)    完成  BER=5.962e-02    55.2s  n_center=1500 α=approx_hard_proj[mkl:0.00+bag1:0.44+nn:0.56+diag:0.00]_struct_hat trSER=0.203
  [opt_softclip/H2/2 SNR=  16] CNN            完成  BER=n/a     0.0s  跳过
  [opt_softclip/H2/2 SNR=  16] Oracle        struct(H)+f* 拟合…
  [opt_softclip/H2/2 SNR=  16] RKHS Oracle    完成  BER=2.647e-01     2.3s  n_center=1500 approx_fstar_struct γ=9.71e-03 MSE_te=2.10e-05
  [opt_softclip] H2 SNR=16 MLD=2.644e-01 Oracle=2.647e-01 RKHS=5.962e-02 MMSE=2.691e-01 gain=+77.8% dt=58.3s
[opt_softclip] monotone~True beat_MMSE=True gain%=[18.54451422 39.29149798 58.5599771  70.25450689 74.92895   ]

==== scenario opt_kerr mode=kerr beta=0.05 ====
  [opt_kerr/H1/2 SNR=   0] 开始六方法…
  [opt_kerr/H1/2 SNR=   0] MLD            完成  BER=2.451e-01     0.0s
  [opt_kerr/H1/2 SNR=   0] MMSE+LS        完成  BER=3.165e-01     0.0s  MC×3
  [opt_kerr/H1/2 SNR=   0] RKHS 盲         完成  BER=n/a     0.0s  跳过
  [opt_kerr/H1/2 SNR=   0] RKHS(z_rob)    完成  BER=2.990e-01    91.8s  n_center=1500 α=approx_hard_mkl+diag_struct_hat_robust trSER=0.713
  [opt_kerr/H1/2 SNR=   0] CNN            完成  BER=n/a     0.0s  跳过
  [opt_kerr/H1/2 SNR=   0] Oracle        struct(H)+f* 拟合…
  [opt_kerr/H1/2 SNR=   0] RKHS Oracle    完成  BER=2.425e-01     3.2s  n_center=1500 approx_fstar_struct γ=3.79e-02 MSE_te=7.91e-04
  [opt_kerr] H1 SNR=0 MLD=2.451e-01 Oracle=2.425e-01 RKHS=2.990e-01 MMSE=3.165e-01 gain=+5.5% dt=96.3s
  [opt_kerr/H1/2 SNR=   4] 开始六方法…
  [opt_kerr/H1/2 SNR=   4] MLD            完成  BER=2.422e-01     0.0s
  [opt_kerr/H1/2 SNR=   4] MMSE+LS        完成  BER=2.757e-01     0.0s  MC×3
  [opt_kerr/H1/2 SNR=   4] RKHS 盲         完成  BER=n/a     0.0s  跳过
  [opt_kerr/H1/2 SNR=   4] RKHS(z_rob)    完成  BER=2.225e-01    97.8s  n_center=1500 α=approx_hard_proj[mkl:0.36+bag1:0.22+nn:0.15+diag:0.28]_struct_hat_robust trSER=0.609
  [opt_kerr/H1/2 SNR=   4] CNN            完成  BER=n/a     0.0s  跳过
  [opt_kerr/H1/2 SNR=   4] Oracle        struct(H)+f* 拟合…
  [opt_kerr/H1/2 SNR=   4] RKHS Oracle    完成  BER=2.444e-01     3.1s  n_center=1500 approx_fstar_struct γ=2.34e-02 MSE_te=1.43e-03
  [opt_kerr] H1 SNR=4 MLD=2.422e-01 Oracle=2.444e-01 RKHS=2.225e-01 MMSE=2.757e-01 gain=+19.3% dt=102.2s
  [opt_kerr/H1/2 SNR=   8] 开始六方法…
  [opt_kerr/H1/2 SNR=   8] MLD            完成  BER=2.412e-01     0.0s
  [opt_kerr/H1/2 SNR=   8] MMSE+LS        完成  BER=2.443e-01     0.0s  MC×3
  [opt_kerr/H1/2 SNR=   8] RKHS 盲         完成  BER=n/a     0.0s  跳过
  [opt_kerr/H1/2 SNR=   8] RKHS(z_rob)    完成  BER=1.601e-01    93.6s  n_center=1500 α=approx_hard_proj[mkl:0.00+bag1:0.13+nn:0.40+diag:0.47]_struct_hat_robust trSER=0.496
  [opt_kerr/H1/2 SNR=   8] CNN            完成  BER=n/a     0.0s  跳过
  [opt_kerr/H1/2 SNR=   8] Oracle        struct(H)+f* 拟合…
  [opt_kerr/H1/2 SNR=   8] RKHS Oracle    完成  BER=2.411e-01     2.1s  n_center=1500 approx_fstar_struct γ=1.48e-02 MSE_te=2.63e-02
  [opt_kerr] H1 SNR=8 MLD=2.412e-01 Oracle=2.411e-01 RKHS=1.601e-01 MMSE=2.443e-01 gain=+34.5% dt=96.8s
  [opt_kerr/H1/2 SNR=  12] 开始六方法…
  [opt_kerr/H1/2 SNR=  12] MLD            完成  BER=2.431e-01     0.0s
  [opt_kerr/H1/2 SNR=  12] MMSE+LS        完成  BER=2.374e-01     0.0s  MC×3
  [opt_kerr/H1/2 SNR=  12] RKHS 盲         完成  BER=n/a     0.0s  跳过
  [opt_kerr/H1/2 SNR=  12] RKHS(z_rob)    完成  BER=1.300e-01    49.7s  n_center=1500 α=approx_hard_mkl+nn_struct_hat_robust trSER=0.431
  [opt_kerr/H1/2 SNR=  12] CNN            完成  BER=n/a     0.0s  跳过
  [opt_kerr/H1/2 SNR=  12] Oracle        struct(H)+f* 拟合…
  [opt_kerr/H1/2 SNR=  12] RKHS Oracle    完成  BER=2.684e-01     2.3s  n_center=1500 approx_fstar_struct γ=9.38e-03 MSE_te=3.12e-02
  [opt_kerr] H1 SNR=12 MLD=2.431e-01 Oracle=2.684e-01 RKHS=1.300e-01 MMSE=2.374e-01 gain=+45.2% dt=52.7s
  [opt_kerr/H1/2 SNR=  16] 开始六方法…
  [opt_kerr/H1/2 SNR=  16] MLD            完成  BER=2.417e-01     0.0s
  [opt_kerr/H1/2 SNR=  16] MMSE+LS        完成  BER=2.358e-01     0.0s  MC×3
  [opt_kerr/H1/2 SNR=  16] RKHS 盲         完成  BER=n/a     0.0s  跳过
  [opt_kerr/H1/2 SNR=  16] RKHS(z_rob)    完成  BER=1.140e-01    47.4s  n_center=1500 α=approx_hard_proj[mkl:0.00+bag1:0.00+nn:1.00+diag:0.00]_struct_hat trSER=0.371
  [opt_kerr/H1/2 SNR=  16] CNN            完成  BER=n/a     0.0s  跳过
  [opt_kerr/H1/2 SNR=  16] Oracle        struct(H)+f* 拟合…
  [opt_kerr/H1/2 SNR=  16] RKHS Oracle    完成  BER=2.766e-01     2.1s  n_center=1500 approx_fstar_struct γ=9.38e-03 MSE_te=3.25e-02
  [opt_kerr] H1 SNR=16 MLD=2.417e-01 Oracle=2.766e-01 RKHS=1.140e-01 MMSE=2.358e-01 gain=+51.7% dt=50.2s
  [opt_kerr/H2/2 SNR=   0] 开始六方法…
  [opt_kerr/H2/2 SNR=   0] MLD            完成  BER=2.375e-01     0.0s
  [opt_kerr/H2/2 SNR=   0] MMSE+LS        完成  BER=2.938e-01     0.0s  MC×3
  [opt_kerr/H2/2 SNR=   0] RKHS 盲         完成  BER=n/a     0.0s  跳过
  [opt_kerr/H2/2 SNR=   0] RKHS(z_rob)    完成  BER=2.845e-01    92.3s  n_center=1500 α=approx_hard_mkl+bag1_struct_hat_robust trSER=0.680
  [opt_kerr/H2/2 SNR=   0] CNN            完成  BER=n/a     0.0s  跳过
  [opt_kerr/H2/2 SNR=   0] Oracle        struct(H)+f* 拟合…
  [opt_kerr/H2/2 SNR=   0] RKHS Oracle    完成  BER=2.341e-01     2.4s  n_center=1500 approx_fstar_struct γ=3.81e-02 MSE_te=9.04e-04
  [opt_kerr] H2 SNR=0 MLD=2.375e-01 Oracle=2.341e-01 RKHS=2.845e-01 MMSE=2.938e-01 gain=+3.1% dt=95.7s
  [opt_kerr/H2/2 SNR=   4] 开始六方法…
  [opt_kerr/H2/2 SNR=   4] MLD            完成  BER=2.347e-01     0.0s
  [opt_kerr/H2/2 SNR=   4] MMSE+LS        完成  BER=2.687e-01     0.0s  MC×3
  [opt_kerr/H2/2 SNR=   4] RKHS 盲         完成  BER=n/a     0.0s  跳过
  [opt_kerr/H2/2 SNR=   4] RKHS(z_rob)    完成  BER=1.845e-01    50.4s  n_center=1500 α=approx_hard_proj[mkl:0.00+bag1:0.04+nn:0.44+diag:0.51]_struct_hat_robust trSER=0.551
  [opt_kerr/H2/2 SNR=   4] CNN            完成  BER=n/a     0.0s  跳过
  [opt_kerr/H2/2 SNR=   4] Oracle        struct(H)+f* 拟合…
  [opt_kerr/H2/2 SNR=   4] RKHS Oracle    完成  BER=2.360e-01     2.4s  n_center=1500 approx_fstar_struct γ=2.46e-02 MSE_te=1.86e-03
  [opt_kerr] H2 SNR=4 MLD=2.347e-01 Oracle=2.360e-01 RKHS=1.845e-01 MMSE=2.687e-01 gain=+31.3% dt=53.7s
  [opt_kerr/H2/2 SNR=   8] 开始六方法…
  [opt_kerr/H2/2 SNR=   8] MLD            完成  BER=2.349e-01     0.0s
  [opt_kerr/H2/2 SNR=   8] MMSE+LS        完成  BER=2.398e-01     0.0s  MC×3
  [opt_kerr/H2/2 SNR=   8] RKHS 盲         完成  BER=n/a     0.0s  跳过
  [opt_kerr/H2/2 SNR=   8] RKHS(z_rob)    完成  BER=1.381e-01    56.4s  n_center=1500 α=approx_hard_mkl+nn_struct_hat_robust trSER=0.444
  [opt_kerr/H2/2 SNR=   8] CNN            完成  BER=n/a     0.0s  跳过
  [opt_kerr/H2/2 SNR=   8] Oracle        struct(H)+f* 拟合…
  [opt_kerr/H2/2 SNR=   8] RKHS Oracle    完成  BER=2.355e-01     1.7s  n_center=1500 approx_fstar_struct γ=1.53e-02 MSE_te=2.56e-02
  [opt_kerr] H2 SNR=8 MLD=2.349e-01 Oracle=2.355e-01 RKHS=1.381e-01 MMSE=2.398e-01 gain=+42.4% dt=59.1s
  [opt_kerr/H2/2 SNR=  12] 开始六方法…
  [opt_kerr/H2/2 SNR=  12] MLD            完成  BER=2.324e-01     0.0s
  [opt_kerr/H2/2 SNR=  12] MMSE+LS        完成  BER=2.327e-01     0.0s  MC×3
  [opt_kerr/H2/2 SNR=  12] RKHS 盲         完成  BER=n/a     0.0s  跳过
  [opt_kerr/H2/2 SNR=  12] RKHS(z_rob)    完成  BER=1.119e-01    37.3s  n_center=1500 α=approx_hard_mkl+nn_struct_hat_robust trSER=0.395
  [opt_kerr/H2/2 SNR=  12] CNN            完成  BER=n/a     0.0s  跳过
  [opt_kerr/H2/2 SNR=  12] Oracle        struct(H)+f* 拟合…
  [opt_kerr/H2/2 SNR=  12] RKHS Oracle    完成  BER=2.591e-01     2.2s  n_center=1500 approx_fstar_struct γ=9.65e-03 MSE_te=3.03e-02
  [opt_kerr] H2 SNR=12 MLD=2.324e-01 Oracle=2.591e-01 RKHS=1.119e-01 MMSE=2.327e-01 gain=+51.9% dt=40.3s
  [opt_kerr/H2/2 SNR=  16] 开始六方法…
  [opt_kerr/H2/2 SNR=  16] MLD            完成  BER=2.319e-01     0.0s
  [opt_kerr/H2/2 SNR=  16] MMSE+LS        完成  BER=2.334e-01     0.0s  MC×3
  [opt_kerr/H2/2 SNR=  16] RKHS 盲         完成  BER=n/a     0.0s  跳过
  [opt_kerr/H2/2 SNR=  16] RKHS(z_rob)    完成  BER=9.800e-02    33.9s  n_center=1500 α=approx_hard_proj[mkl:0.00+bag1:0.00+nn:1.00+diag:0.00]_struct_hat trSER=0.363
  [opt_kerr/H2/2 SNR=  16] CNN            完成  BER=n/a     0.0s  跳过
  [opt_kerr/H2/2 SNR=  16] Oracle        struct(H)+f* 拟合…
  [opt_kerr/H2/2 SNR=  16] RKHS Oracle    完成  BER=2.652e-01     1.8s  n_center=1500 approx_fstar_struct γ=9.65e-03 MSE_te=3.22e-02
  [opt_kerr] H2 SNR=16 MLD=2.319e-01 Oracle=2.652e-01 RKHS=9.800e-02 MMSE=2.334e-01 gain=+58.0% dt=36.2s
[opt_kerr] monotone~True beat_MMSE=True gain%=[ 4.38344941 25.24108373 38.38340363 48.54635703 54.81751177]

==== scenario opt_mzm mode=mzm beta=0.9 ====
  [opt_mzm/H1/2 SNR=   0] 开始六方法…
  [opt_mzm/H1/2 SNR=   0] MLD            完成  BER=5.575e-02     0.0s
  [opt_mzm/H1/2 SNR=   0] MMSE+LS        完成  BER=3.177e-01     0.1s  MC×3
  [opt_mzm/H1/2 SNR=   0] RKHS 盲         完成  BER=n/a     0.0s  跳过
  [opt_mzm/H1/2 SNR=   0] RKHS(z_rob)    完成  BER=2.859e-01    57.1s  n_center=1500 α=approx_hard_mkl+bag1_struct_hat_robust trSER=0.655
  [opt_mzm/H1/2 SNR=   0] CNN            完成  BER=n/a     0.0s  跳过
  [opt_mzm/H1/2 SNR=   0] Oracle        struct(H)+f* 拟合…
  [opt_mzm/H1/2 SNR=   0] RKHS Oracle    完成  BER=5.800e-02     2.5s  n_center=1500 approx_fstar_struct γ=3.88e-02 MSE_te=3.73e-05
  [opt_mzm] H1 SNR=0 MLD=5.575e-02 Oracle=5.800e-02 RKHS=2.859e-01 MMSE=3.177e-01 gain=+10.0% dt=60.6s
  [opt_mzm/H1/2 SNR=   4] 开始六方法…
  [opt_mzm/H1/2 SNR=   4] MLD            完成  BER=4.888e-02     0.0s
  [opt_mzm/H1/2 SNR=   4] MMSE+LS        完成  BER=2.289e-01     0.1s  MC×3
  [opt_mzm/H1/2 SNR=   4] RKHS 盲         完成  BER=n/a     0.0s  跳过
  [opt_mzm/H1/2 SNR=   4] RKHS(z_rob)    完成  BER=1.755e-01    56.8s  n_center=1500 α=approx_hard_proj[mkl:0.27+bag1:0.17+nn:0.26+diag:0.30]_struct_hat_robust trSER=0.519
  [opt_mzm/H1/2 SNR=   4] CNN            完成  BER=n/a     0.0s  跳过
  [opt_mzm/H1/2 SNR=   4] Oracle        struct(H)+f* 拟合…
  [opt_mzm/H1/2 SNR=   4] RKHS Oracle    完成  BER=4.988e-02     2.4s  n_center=1500 approx_fstar_struct γ=2.40e-02 MSE_te=7.23e-05
  [opt_mzm] H1 SNR=4 MLD=4.888e-02 Oracle=4.988e-02 RKHS=1.755e-01 MMSE=2.289e-01 gain=+23.3% dt=60.2s
  [opt_mzm/H1/2 SNR=   8] 开始六方法…
  [opt_mzm/H1/2 SNR=   8] MLD            完成  BER=4.825e-02     0.0s
  [opt_mzm/H1/2 SNR=   8] MMSE+LS        完成  BER=1.553e-01     0.1s  MC×3
  [opt_mzm/H1/2 SNR=   8] RKHS 盲         完成  BER=n/a     0.0s  跳过
  [opt_mzm/H1/2 SNR=   8] RKHS(z_rob)    完成  BER=1.013e-01    64.6s  n_center=1500 α=approx_hard_mkl+nn_struct_hat_robust+stack2 trSER=0.310
  [opt_mzm/H1/2 SNR=   8] CNN            完成  BER=n/a     0.0s  跳过
  [opt_mzm/H1/2 SNR=   8] Oracle        struct(H)+f* 拟合…
  [opt_mzm/H1/2 SNR=   8] RKHS Oracle    完成  BER=5.425e-02     1.8s  n_center=1500 approx_fstar_struct γ=1.52e-02 MSE_te=2.11e-03
  [opt_mzm] H1 SNR=8 MLD=4.825e-02 Oracle=5.425e-02 RKHS=1.013e-01 MMSE=1.553e-01 gain=+34.8% dt=68.1s
  [opt_mzm/H1/2 SNR=  12] 开始六方法…
  [opt_mzm/H1/2 SNR=  12] MLD            完成  BER=4.775e-02     0.0s
  [opt_mzm/H1/2 SNR=  12] MMSE+LS        完成  BER=9.375e-02     0.1s  MC×3
  [opt_mzm/H1/2 SNR=  12] RKHS 盲         完成  BER=n/a     0.0s  跳过
  [opt_mzm/H1/2 SNR=  12] RKHS(z_rob)    完成  BER=5.488e-02    38.0s  n_center=1500 α=approx_hard_mkl+nn_struct_hat_robust trSER=0.187
  [opt_mzm/H1/2 SNR=  12] CNN            完成  BER=n/a     0.0s  跳过
  [opt_mzm/H1/2 SNR=  12] Oracle        struct(H)+f* 拟合…
  [opt_mzm/H1/2 SNR=  12] RKHS Oracle    完成  BER=3.862e-02     1.9s  n_center=1500 approx_fstar_struct γ=9.62e-03 MSE_te=4.43e-03
  [opt_mzm] H1 SNR=12 MLD=4.775e-02 Oracle=3.862e-02 RKHS=5.488e-02 MMSE=9.375e-02 gain=+41.5% dt=40.5s
  [opt_mzm/H1/2 SNR=  16] 开始六方法…
  [opt_mzm/H1/2 SNR=  16] MLD            完成  BER=4.612e-02     0.0s
  [opt_mzm/H1/2 SNR=  16] MMSE+LS        完成  BER=7.046e-02     0.1s  MC×3
  [opt_mzm/H1/2 SNR=  16] RKHS 盲         完成  BER=n/a     0.0s  跳过
  [opt_mzm/H1/2 SNR=  16] RKHS(z_rob)    完成  BER=3.488e-02    33.6s  n_center=1500 α=approx_hard_mkl+nn_struct_hat trSER=0.116
  [opt_mzm/H1/2 SNR=  16] CNN            完成  BER=n/a     0.0s  跳过
  [opt_mzm/H1/2 SNR=  16] Oracle        struct(H)+f* 拟合…
  [opt_mzm/H1/2 SNR=  16] RKHS Oracle    完成  BER=6.313e-02     1.8s  n_center=1500 approx_fstar_struct γ=9.58e-03 MSE_te=1.41e-02
  [opt_mzm] H1 SNR=16 MLD=4.612e-02 Oracle=6.313e-02 RKHS=3.488e-02 MMSE=7.046e-02 gain=+50.5% dt=36.0s
  [opt_mzm/H2/2 SNR=   0] 开始六方法…
  [opt_mzm/H2/2 SNR=   0] MLD            完成  BER=4.813e-02     0.0s
  [opt_mzm/H2/2 SNR=   0] MMSE+LS        完成  BER=2.937e-01     0.1s  MC×3
  [opt_mzm/H2/2 SNR=   0] RKHS 盲         完成  BER=n/a     0.0s  跳过
  [opt_mzm/H2/2 SNR=   0] RKHS(z_rob)    完成  BER=2.385e-01    58.2s  n_center=1500 α=approx_hard_mkl+bag1_struct_hat_robust trSER=0.635
  [opt_mzm/H2/2 SNR=   0] CNN            完成  BER=n/a     0.0s  跳过
  [opt_mzm/H2/2 SNR=   0] Oracle        struct(H)+f* 拟合…
  [opt_mzm/H2/2 SNR=   0] RKHS Oracle    完成  BER=5.013e-02     2.4s  n_center=1500 approx_fstar_struct γ=3.73e-02 MSE_te=3.74e-05
  [opt_mzm] H2 SNR=0 MLD=4.813e-02 Oracle=5.013e-02 RKHS=2.385e-01 MMSE=2.937e-01 gain=+18.8% dt=61.7s
  [opt_mzm/H2/2 SNR=   4] 开始六方法…
  [opt_mzm/H2/2 SNR=   4] MLD            完成  BER=4.225e-02     0.0s
  [opt_mzm/H2/2 SNR=   4] MMSE+LS        完成  BER=2.176e-01     0.1s  MC×3
  [opt_mzm/H2/2 SNR=   4] RKHS 盲         完成  BER=n/a     0.0s  跳过
  [opt_mzm/H2/2 SNR=   4] RKHS(z_rob)    完成  BER=1.469e-01    63.8s  n_center=1500 α=approx_hard_proj[mkl:0.18+bag1:0.29+nn:0.22+diag:0.31]_struct_hat_robust trSER=0.447
  [opt_mzm/H2/2 SNR=   4] CNN            完成  BER=n/a     0.0s  跳过
  [opt_mzm/H2/2 SNR=   4] Oracle        struct(H)+f* 拟合…
  [opt_mzm/H2/2 SNR=   4] RKHS Oracle    完成  BER=4.337e-02     2.5s  n_center=1500 approx_fstar_struct γ=2.39e-02 MSE_te=8.26e-05
  [opt_mzm] H2 SNR=4 MLD=4.225e-02 Oracle=4.337e-02 RKHS=1.469e-01 MMSE=2.176e-01 gain=+32.5% dt=67.3s
  [opt_mzm/H2/2 SNR=   8] 开始六方法…
  [opt_mzm/H2/2 SNR=   8] MLD            完成  BER=3.762e-02     0.0s
  [opt_mzm/H2/2 SNR=   8] MMSE+LS        完成  BER=1.363e-01     0.1s  MC×3
  [opt_mzm/H2/2 SNR=   8] RKHS 盲         完成  BER=n/a     0.0s  跳过
  [opt_mzm/H2/2 SNR=   8] RKHS(z_rob)    完成  BER=8.188e-02    53.0s  n_center=1500 α=approx_hard_proj[mkl:0.00+bag1:0.34+nn:0.34+diag:0.32]_struct_hat_robust+stack2 trSER=0.268
  [opt_mzm/H2/2 SNR=   8] CNN            完成  BER=n/a     0.0s  跳过
  [opt_mzm/H2/2 SNR=   8] Oracle        struct(H)+f* 拟合…
  [opt_mzm/H2/2 SNR=   8] RKHS Oracle    完成  BER=4.575e-02     1.8s  n_center=1500 approx_fstar_struct γ=1.49e-02 MSE_te=3.58e-03
  [opt_mzm] H2 SNR=8 MLD=3.762e-02 Oracle=4.575e-02 RKHS=8.188e-02 MMSE=1.363e-01 gain=+39.9% dt=56.6s
  [opt_mzm/H2/2 SNR=  12] 开始六方法…
  [opt_mzm/H2/2 SNR=  12] MLD            完成  BER=3.637e-02     0.0s
  [opt_mzm/H2/2 SNR=  12] MMSE+LS        完成  BER=8.021e-02     0.1s  MC×3
  [opt_mzm/H2/2 SNR=  12] RKHS 盲         完成  BER=n/a     0.0s  跳过
  [opt_mzm/H2/2 SNR=  12] RKHS(z_rob)    完成  BER=4.100e-02    37.5s  n_center=1500 α=approx_hard_proj[mkl:0.00+bag1:0.31+nn:0.35+diag:0.34]_struct_hat_robust trSER=0.147
  [opt_mzm/H2/2 SNR=  12] CNN            完成  BER=n/a     0.0s  跳过
  [opt_mzm/H2/2 SNR=  12] Oracle        struct(H)+f* 拟合…
  [opt_mzm/H2/2 SNR=  12] RKHS Oracle    完成  BER=3.313e-02     1.9s  n_center=1500 approx_fstar_struct γ=9.45e-03 MSE_te=2.10e-03
  [opt_mzm] H2 SNR=12 MLD=3.637e-02 Oracle=3.313e-02 RKHS=4.100e-02 MMSE=8.021e-02 gain=+48.9% dt=40.1s
  [opt_mzm/H2/2 SNR=  16] 开始六方法…
  [opt_mzm/H2/2 SNR=  16] MLD            完成  BER=3.562e-02     0.0s
  [opt_mzm/H2/2 SNR=  16] MMSE+LS        完成  BER=5.158e-02     0.1s  MC×3
  [opt_mzm/H2/2 SNR=  16] RKHS 盲         完成  BER=n/a     0.0s  跳过
  [opt_mzm/H2/2 SNR=  16] RKHS(z_rob)    完成  BER=2.712e-02    35.8s  n_center=1500 α=approx_hard_mkl+nn_struct_hat trSER=0.083
  [opt_mzm/H2/2 SNR=  16] CNN            完成  BER=n/a     0.0s  跳过
  [opt_mzm/H2/2 SNR=  16] Oracle        struct(H)+f* 拟合…
  [opt_mzm/H2/2 SNR=  16] RKHS Oracle    完成  BER=5.538e-02     1.8s  n_center=1500 approx_fstar_struct γ=9.36e-03 MSE_te=1.76e-02
  [opt_mzm] H2 SNR=16 MLD=3.562e-02 Oracle=5.538e-02 RKHS=2.712e-02 MMSE=5.158e-02 gain=+47.4% dt=38.2s
[opt_mzm] monotone~True beat_MMSE=True gain%=[14.23021877 27.79955207 37.20531505 44.88622754 49.19767839]
